
Discarded input sections

 .data          0x0000000000000000        0x0 test_target.o
 .bss           0x0000000000000000        0x0 test_target.o
 .debug_frame   0x0000000000000000       0x88 test_target.o
 .debug_info    0x0000000000000000     0x735d test_target.o
 .debug_abbrev  0x0000000000000000      0x1ba test_target.o
 .debug_aranges
                0x0000000000000000       0x30 test_target.o
 .debug_line    0x0000000000000000      0x173 test_target.o
 .debug_str     0x0000000000000000        0xd test_target.o
 .comment       0x0000000000000000       0x26 test_target.o
 .note.GNU-stack
                0x0000000000000000        0x0 test_target.o

Memory Configuration

Name             Origin             Length             Attributes
*default*        0x0000000000000000 0xffffffffffffffff

Linker script and memory map

                0x0000000000001000                . = 0x1000

.text           0x0000000000001000       0xd5
 *(.text)
 .text          0x0000000000001000       0xaf test_target.o
                0x0000000000001000                _dl_main
                0x000000000000109e                main
 *(.text.*)
 *(.rodata)
 .rodata        0x00000000000010af       0x26 test_target.o
 *(.rodata.*)
 *(.data)
 *(.data.*)
 *(.bss)
 *(.bss.*)
 *(COMMON)

.iplt           0x00000000000010d5        0x0
 .iplt          0x00000000000010d5        0x0 test_target.o

.got            0x00000000000010d8        0x0
 .got           0x00000000000010d8        0x0 test_target.o

.got.plt        0x00000000000010d8        0x0
 .got.plt       0x00000000000010d8        0x0 test_target.o

.igot.plt       0x00000000000010d8        0x0
 .igot.plt      0x00000000000010d8        0x0 test_target.o

.dynamic        0x00000000000010d8        0x0
 *(.dynamic)
 *(.dynsym)
 *(.dynstr)
 *(.rela.*)
 .rela.got      0x00000000000010d8        0x0 test_target.o
 .rela.iplt     0x00000000000010d8        0x0 test_target.o
 *(.hash)
 *(.gnu.hash)

/DISCARD/
 *(.comment)
 *(.note*)
 *(.eh_frame*)
 *(.debug*)
LOAD test_target.o
LOAD ..\..\..\repos\cosmopolitan\cosmopolitan.a
OUTPUT(test_target.dl elf64-x86-64)
